
> pwa@0.1.0 build
> cross-env NODE_OPTIONS=--max-old-space-size=4096 next build

Γû▓ Next.js 16.2.3 (Turbopack)
- Environments: .env.local

  Creating an optimized production build ...
Γ£ô Compiled successfully in 7.9s
  Running TypeScript ...
  Finished TypeScript in 10.4s ...
  Collecting page data using 11 workers ...
  Generating static pages using 11 workers (0/6) ...
  Generating static pages using 11 workers (1/6) 
  Generating static pages using 11 workers (2/6) 
  Generating static pages using 11 workers (4/6) 
Γ£ô Generating static pages using 11 workers (6/6) in 739ms
  Finalizing page optimization ...

Route (app)
Γöî Γùï /
Γö£ ╞Æ /_not-found
Γö£ ╞Æ /[locale]
Γö£ ╞Æ /[locale]/budget-explained
Γö£ ╞Æ /[locale]/calculate
Γö£ ╞Æ /[locale]/learn
Γö£ ╞Æ /[locale]/learn/[level]/[lesson]
Γö£ ╞Æ /[locale]/rankings
Γö£ ╞Æ /[locale]/scam-radar
Γö£ Γùï /budget-explained
Γö£ Γùï /learn
Γö£ ╞Æ /learn/[level]/[lesson]
Γöö Γùï /scam-radar


╞Æ Proxy (Middleware)

Γùï  (Static)   prerendered as static content
╞Æ  (Dynamic)  server-rendered on demand

